1783 already checked, 3098 to check now
  25/3098 Cat_The_Great: alive/channel subs=7870 last=2024-08-09T02:01:54+00:00
  50/3098 citizenfreepress: alive/channel subs=449 last=2024-03-20T19:39:30+00:00
  75/3098 conservativeunderground: alive/channel subs=137 last=2026-08-19T02:53:57+00:00
  100/3098 CriticalMemeTheory: empty_page/- subs= last=
  125/3098 dangeroustimes: alive/channel_no_preview subs=26 last=
  150/3098 DeclassifyTheNation: alive/channel subs=11700 last=2022-02-15T14:50:25+00:00
  175/3098 DigitalGeneral: alive/channel subs=2070 last=2021-04-05T18:02:56+00:00
  200/3098 DoctorQsBoomBox: alive/channel subs=7720 last=2026-10-06T01:37:13+00:00
  225/3098 Dutch_Lioness: alive/channel_no_preview subs=232 last=
  250/3098 emmaajimenez: empty_page/- subs= last=
  275/3098 europeanresistance: alive/channel subs=178 last=2024-12-25T08:19:15+00:00
  300/3098 familyman20181: alive/channel subs=15100 last=2026-10-06T12:37:54+00:00
  325/3098 followchris: alive/channel_no_preview subs=1317 last=
  350/3098 freeJuliane: empty_page/- subs= last=
  375/3098 g3news: alive/channel subs=6130 last=2026-09-08T20:55:47+00:00
  400/3098 GeneralMcInerney: empty_page/- subs= last=
  425/3098 GlobalPatriotGroup: alive/channel subs=667 last=2024-07-23T05:51:54+00:00
  450/3098 guomingeming: empty_page/- subs= last=
  475/3098 hongkongersmovement: alive/channel subs=19 last=2023-05-20T10:51:05+00:00
  500/3098 IMPERIALNEWSSERVICE: empty_page/- subs= last=
  525/3098 intelslava: alive/channel subs=389000 last=2026-10-06T12:50:27+00:00
  550/3098 J6TankMan: empty_page/- subs= last=
  575/3098 jhwesten: alive/channel subs=1290 last=2026-10-05T15:18:35+00:00
  600/3098 JuanOSavin: alive/channel subs=23800 last=2023-04-23T02:51:52+00:00
  625/3098 kindwithspineq: alive/channel subs=43 last=2024-09-26T08:38:52+00:00
  650/3098 Lefty_Crypto: alive/channel subs=2130 last=2026-08-10T07:21:36+00:00
  675/3098 LiveFromAmerica: alive/channel subs=7710 last=2026-10-06T11:26:06+00:00
  700/3098 LUKEPATRIOTINTHEPARK: alive/channel subs=4740 last=2026-08-01T16:41:34+00:00
  725/3098 MarkFinchemAZ: alive/channel subs=7780 last=2026-09-23T23:31:17+00:00
  750/3098 mexizzachet2077: empty_page/- subs= last=
  775/3098 missoulacounty: empty_page/- subs= last=
  800/3098 mustangdebbie1: alive/channel subs=7 last=2026-09-04T00:43:33+00:00
  825/3098 NeoMikesNewsRantsMemes: empty_page/- subs= last=
  850/3098 nickdip: alive/channel_no_preview subs=537 last=
  875/3098 NotFound_4_04: alive/channel subs=13200 last=2026-10-05T17:38:18+00:00
  900/3098 OfficialRedPillNews: alive/channel subs=34700 last=2026-10-05T19:38:37+00:00
  925/3098 otorgomes: empty_page/- subs= last=
  950/3098 patriotartsfarm: alive/channel subs=3390 last=2026-01-04T19:49:11+00:00
  975/3098 patriotsstandstrong: alive/channel subs=2780 last=2026-04-04T23:25:24+00:00
  1000/3098 PepeDeluxed: alive/channel subs=56500 last=2026-10-06T13:12:11+00:00
  1025/3098 politipsych: alive/channel subs=1890 last=2025-05-23T02:38:58+00:00
  1050/3098 ProjectSurvivor: alive/channel subs=1010 last=2026-08-12T16:21:25+00:00
  1075/3098 Q5DSpaCe: empty_page/- subs= last=
  1100/3098 QC_automatic_tweets: alive/channel subs=62 last=2021-01-08T20:37:22+00:00
  1125/3098 Qtruenews: alive/channel subs=9 last=2022-06-11T13:45:05+00:00
  1150/3098 RambaldisEye: alive/channel_no_preview subs=859 last=
  1175/3098 RealDonaldoTrumpo: alive/channel subs=155000 last=2026-10-06T06:50:20+00:00
  1200/3098 REALPOSEIDON: empty_page/- subs= last=
  1225/3098 RedPilledReality: empty_page/- subs= last=
  1250/3098 RightWingGuerillaMeditations: alive/channel subs=6 last=2023-09-05T03:11:10+00:00
  1275/3098 russelljaygould: alive/channel subs=12100 last=2026-10-05T22:57:47+00:00
  1300/3098 SeanWilsonUKNews: alive/channel_no_preview subs=73 last=
  1325/3098 ShellShQck: alive/channel subs=11200 last=2024-07-23T05:58:41+00:00
  1350/3098 SouthAfricanForeignCorp: alive/channel subs=635 last=2026-01-13T07:17:03+00:00
  1375/3098 standbysurvivors: alive/channel subs=2210 last=2026-10-05T21:14:56+00:00
  1400/3098 strategic_culture: alive/channel subs=13700 last=2026-10-06T06:02:14+00:00
  1425/3098 tcnewsnetwork: empty_page/- subs= last=
  1450/3098 the_outposter: empty_page/- subs= last=
  1475/3098 TheDutchOven: alive/channel subs=3240 last=2023-01-29T11:55:33+00:00
  1500/3098 TheKirbyQ: alive/channel subs=158 last=2026-10-03T02:29:06+00:00
  1525/3098 Thepotus45: alive/channel subs=801 last=2024-11-06T10:46:12+00:00
  1550/3098 TheStormHasArrived17: alive/channel subs=91500 last=2026-07-17T15:29:07+00:00
  1575/3098 THOTF: alive/channel_no_preview subs=837 last=
  1600/3098 toresaysPlus: alive/channel subs=44600 last=2026-10-06T10:15:01+00:00
  1625/3098 TrumpChannel: alive/channel subs=133000 last=2026-05-18T18:43:24+00:00
  1650/3098 truthbybasya: alive/channel subs=4920 last=2026-07-14T22:20:53+00:00
  1675/3098 TWIO2020: empty_page/- subs= last=
