0 already checked, 4881 to check now
  25/4881 BillCooperFollower: empty_page/- subs= last=
  50/4881 danerikssonSE: alive/channel subs=1050 last=2026-10-05T19:17:27+00:00
  75/4881 ExposeTheNose: empty_page/- subs= last=
  100/4881 herewegooooo: empty_page/- subs= last=
  125/4881 jeworldodor: empty_page/- subs= last=
  150/4881 martinezperspective: empty_page/- subs= last=
  175/4881 PatAltSW: alive/channel subs=343 last=2026-09-07T07:51:58+00:00
  200/4881 RedPillVideoArchive: empty_page/- subs= last=
  225/4881 Sparksy: empty_page/- subs= last=
  250/4881 theweaponizedwest: alive/channel_no_preview subs=334 last=
  275/4881 wearescvm: empty_page/- subs= last=
  300/4881 zuendels_bunker: empty_page/- subs= last=
  325/4881 AltSkull48: alive/channel subs=29900 last=2026-10-06T02:28:48+00:00
  350/4881 AscensionCodes: alive/channel subs=182 last=2024-11-07T22:17:39+00:00
  375/4881 AviYeminiOfficial: alive/channel subs=14900 last=2026-10-06T08:37:01+00:00
  400/4881 beinformedlife: alive/channel subs=636 last=2026-06-10T08:58:54+00:00
  425/4881 BurnersInService: alive/channel subs=9 last=2026-07-21T02:44:01+00:00
  450/4881 ChefPeteEvans: alive/channel subs=28800 last=2021-05-27T22:36:52+00:00
  475/4881 consciousthinking: alive/channel subs=6 last=2022-04-06T06:22:38+00:00
  500/4881 covfacts: empty_page/- subs= last=
  525/4881 covidsnewsworld: alive/channel subs=71 last=2025-09-23T17:42:31+00:00
  550/4881 cvnvacs: alive/channel subs=717 last=2026-09-13T13:23:18+00:00
  575/4881 DirtRoadDiscussion: alive/channel subs=133000 last=2026-10-05T00:11:45+00:00
  600/4881 drpalevsky: alive/channel subs=9160 last=2026-10-05T21:31:56+00:00
  625/4881 emergencysurvivalskills: empty_page/- subs= last=
  650/4881 factseekers: alive/channel_no_preview subs=191 last=
  675/4881 freedomexpressme: alive/channel subs=56 last=2023-08-27T22:37:21+00:00
  700/4881 GeocentricReality: alive/channel subs=436 last=2026-10-01T20:50:13+00:00
  725/4881 healingthedividenews: empty_page/- subs= last=
  750/4881 hvitgardr3: empty_page/- subs= last=
  775/4881 IntuitiveGrowing: alive/channel_no_preview subs=11 last=
  800/4881 jessicahesser: alive/channel subs=504 last=2023-01-12T17:41:08+00:00
  825/4881 karleen_love: empty_page/- subs= last=
  850/4881 LIVANDU: alive/channel subs=616 last=2026-04-23T14:34:26+00:00
  875/4881 maryannscoops: empty_page/- subs= last=
  900/4881 Morphius21: alive/user_or_bot subs= last=
  925/4881 NewsMoots: alive/channel subs=77 last=2023-07-03T09:50:36+00:00
  950/4881 NWOreporter: alive/channel_no_preview subs=196 last=
  975/4881 ORIANA213B: alive/channel subs=177 last=2026-10-06T09:16:39+00:00
  1000/4881 PerthHealthFreedomInfo: alive/channel subs=455 last=2022-06-01T02:54:13+00:00
  1025/4881 psy_war: alive/channel subs=19 last=2023-10-15T08:55:17+00:00
  1050/4881 RealWorldNewsChannel: alive/channel subs=25000 last=2026-10-05T20:04:35+00:00
  1075/4881 RobynOpenshaw: alive/channel subs=4420 last=2026-02-19T17:46:50+00:00
  1100/4881 SHEEPLENEWS: empty_page/- subs= last=
  1125/4881 SteveB_Research_Updates: alive/channel subs=174 last=2026-10-06T09:12:22+00:00
  1150/4881 taniatheherbalist: alive/channel subs=3530 last=2024-12-02T16:52:31+00:00
  1175/4881 The_Revolution_Wont_Be_Televised: alive/channel subs=2730 last=2026-10-06T00:17:42+00:00
  1200/4881 theEvent777: alive/channel subs=66 last=2026-10-01T04:17:57+00:00
  1225/4881 thepulseone: alive/channel subs=13600 last=2026-05-06T22:15:53+00:00
  1250/4881 to_awaken_a_normie: alive/channel subs=27 last=2022-10-01T05:38:58+00:00
  1275/4881 ubuntuplanet: alive/channel subs=9820 last=2026-09-26T06:30:13+00:00
  1300/4881 vaccinedebategroup: alive/channel_no_preview subs=55 last=
  1325/4881 WakeTheUKUP: alive/channel subs=639 last=2026-09-30T00:50:19+00:00
  1350/4881 WL369: alive/user_or_bot subs= last=
  1375/4881 AntiCoronaTerrorism: empty_page/- subs= last=
  1400/4881 ClintEastwoodReal: alive/channel subs=357 last=2026-04-23T02:29:58+00:00
  1425/4881 GerhardSchroder: alive/user_or_bot subs= last=
  1450/4881 JapanAwakening: empty_page/- subs= last=
  1475/4881 MikePenceInfo: empty_page/- subs= last=
  1500/4881 qspeaking: alive/channel subs=16 last=2023-04-01T07:20:42+00:00
  1525/4881 TheEuropeNews: alive/channel subs=4 last=2026-02-25T20:47:42+00:00
  1550/4881 VaxFr: alive/user_or_bot subs= last=
  1575/4881 AlexanderQPatriot: alive/channel subs=3950 last=2024-07-30T03:21:57+00:00
  1600/4881 AmericanAscent: alive/channel_no_preview subs=39 last=
  1625/4881 ANGELICHUMANS: alive/channel subs=1570 last=2026-06-08T06:45:08+00:00
  1650/4881 ArkansasGroyper1: alive/channel subs=553 last=2025-02-14T05:37:01+00:00
  1675/4881 Awaken2: alive/user_or_bot subs= last=
  1700/4881 BasedPalpatine: empty_page/- subs= last=
  1725/4881 BigDaddysLightWarrior: empty_page/- subs= last=
  1750/4881 BoomersIRL: alive/channel_no_preview subs=718 last=
  1775/4881 brittanysellner: alive/channel subs=4110 last=2023-02-03T16:16:04+00:00
