3482 already checked, 8088 to check now
  25/8088 VoterApathyParty01: empty_page/- subs= last=
  50/8088 wearenewjersey: alive/channel subs=156 last=2024-05-10T14:50:58+00:00
  75/8088 WEWILLNOTBEND: alive/channel subs=915 last=2026-09-25T16:20:51+00:00
  100/8088 wooblieIWW: alive/channel subs=17 last=2026-10-07T05:20:29+00:00
  125/8088 youshuigongming: alive/channel subs=2170 last=2025-06-01T10:20:05+00:00
  150/8088 Hunter11821: alive/channel subs=439 last=2025-05-26T13:01:46+00:00
  175/8088 BitcoinKarl: alive/channel_no_preview subs=509 last=
  200/8088 CryptoMarketUpdates: alive/group subs=38 last=
  225/8088 infocryptosignals: alive/channel subs=2620 last=2026-08-21T12:48:01+00:00
  250/8088 saylorsays: empty_page/- subs= last=
  275/8088 accelerateyourbreath: empty_page/- subs= last=
  300/8088 amrenpeter: empty_page/- subs= last=
  325/8088 ArtemisTruth: alive/channel subs=341 last=2024-08-28T08:25:37+00:00
  350/8088 axialage: empty_page/- subs= last=
  375/8088 blueflamecollective: alive/channel_no_preview subs=123 last=
  400/8088 Catholicarena: alive/channel subs=6990 last=2026-10-06T21:19:21+00:00
  425/8088 ChristianFurriesOnly: empty_page/- subs= last=
  450/8088 CommonSense61: alive/channel subs=1750 last=2026-10-06T19:34:31+00:00
  475/8088 dailyshit: alive/channel subs=134 last=2026-10-07T05:48:35+00:00
  500/8088 doggoch: alive/channel subs=958 last=2026-07-28T18:58:24+00:00
  525/8088 ericmoutsos: alive/channel subs=7130 last=2026-10-07T03:30:07+00:00
  550/8088 FightForYourLandIreland: empty_page/- subs= last=
  575/8088 frequency_high: alive/channel subs=4330 last=2026-10-02T18:05:26+00:00
  600/8088 gingersrant: alive/channel_no_preview subs=222 last=
  625/8088 hardrightaesthetics: empty_page/- subs= last=
  650/8088 hotel3chat: alive/channel subs=396 last=2026-07-04T02:11:54+00:00
  675/8088 ImperiumSolaris: empty_page/- subs= last=
  700/8088 itsdoge: alive/channel subs=39 last=2023-08-31T00:10:44+00:00
  725/8088 JustinCarpenter33: alive/channel subs=5070 last=2026-09-27T01:10:15+00:00
  750/8088 LarzsoliceEagle: alive/channel subs=32 last=2024-06-03T21:36:27+00:00
